SQL> archive log list
Database log mode              No Archive Mode
Automatic archival             Disabled
Archive destination            C:\app\dell\product\21c\homes\OraDB21Home1\RDBMS
Oldest online log sequence     8
Current log sequence           10
SQL> alter system set db_recovery_file_dest_size = 20G scope = spfile;

System altered.

SQL> show parameter db_Recovery_file_dest;

NAME                                 TYPE        VALUE                          
------------------------------------ ----------- ------------------------------ 
db_recovery_file_dest                string                                     
db_recovery_file_dest_size           big integer 0                              
SQL> alter system set db_recovery_file_dest = 'C:\app\dell\product\21c\fra';
alter system set db_recovery_file_dest = 'C:\app\dell\product\21c\fra'
*
ERROR at line 1:
ORA-02097: parameter cannot be modified because specified value is invalid 
ORA-19802: cannot use DB_RECOVERY_FILE_DEST without DB_RECOVERY_FILE_DEST_SIZE 


SQL> alter system set db_recovery_file_dest = 'C:\app\dell\product\21c\fra' scope = spfile;

System altered.

SQL> show parameter db_Recovery_file_dest;

NAME                                 TYPE        VALUE                          
------------------------------------ ----------- ------------------------------ 
db_recovery_file_dest                string                                     
db_recovery_file_dest_size           big integer 0                              
SQL> alter system set log_archieve_dest_1 = 'location = use_db_recovery_file_dest' scope = spfile;
alter system set log_archieve_dest_1 = 'location = use_db_recovery_file_dest' scope = spfile
                 *
ERROR at line 1:
ORA-02065: illegal option for ALTER SYSTEM 


SQL> alter system set log_archive_dest_1 = 'location = use_db_recovery_file_dest' scope = spfile;

System altered.

SQL> shutdown immediate;
Database closed.
Database dismounted.
ORACLE instance shut down.
SQL> startup mount;
ORA-16024: parameter LOG_ARCHIVE_DEST_1 cannot be parsed
SQL> startup mount;
ORA-16024: parameter LOG_ARCHIVE_DEST_1 cannot be parsed
SQL> startup nomount;
ORA-16024: parameter LOG_ARCHIVE_DEST_1 cannot be parsed
SQL> alter system set log_archive_dest_1 = 'location=use_db_recovery_file_dest' scope = spfile;
alter system set log_archive_dest_1 = 'location=use_db_recovery_file_dest' scope = spfile
*
ERROR at line 1:
ORA-01034: ORACLE not available 
Process ID: 0 
Session ID: 0 Serial number: 0 


SQL> startup nomount force;
ORA-16024: parameter LOG_ARCHIVE_DEST_1 cannot be parsed
SQL> startup nomount pfile=C:\app\dell\product\21c\database\initxe.ora
ORACLE instance started.

Total System Global Area 1610610072 bytes                                       
Fixed Size                  9856408 bytes                                       
Variable Size             587202560 bytes                                       
Database Buffers         1006632960 bytes                                       
Redo Buffers                6918144 bytes                                       
SQL> alter system set log_archive_dest_1 = 'location=use_db_recovery_file_dest' scope = spfile;
alter system set log_archive_dest_1 = 'location=use_db_recovery_file_dest' scope = spfile
*
ERROR at line 1:
ORA-32001: write to SPFILE requested but no SPFILE is in use 


SQL> create spfile from pfile;\
  2  ;
create spfile from pfile;\
                        *
ERROR at line 1:
ORA-00933: SQL command not properly ended 


SQL> create spfile from pfile;

File created.

SQL> alter system set log_archive_dest_1 = 'location=use_db_recovery_file_dest' scope = spfile;
alter system set log_archive_dest_1 = 'location=use_db_recovery_file_dest' scope = spfile
*
ERROR at line 1:
ORA-32001: write to SPFILE requested but no SPFILE is in use 


SQL> shutdown immediate;
ORA-01507: database not mounted 


ORACLE instance shut down.
SQL> startup mount;
ORACLE instance started.

Total System Global Area 1610610072 bytes                                       
Fixed Size                  9856408 bytes                                       
Variable Size             587202560 bytes                                       
Database Buffers         1006632960 bytes                                       
Redo Buffers                6918144 bytes                                       
Database mounted.
SQL> alter system set log_archive_dest_1 = 'location=use_db_recovery_file_dest' scope = spfile;

System altered.

SQL> shutdown immediate;
ORA-01109: database not open 


Database dismounted.
ORACLE instance shut down.
SQL> startup mount;
ORACLE instance started.

Total System Global Area 1610610072 bytes                                       
Fixed Size                  9856408 bytes                                       
Variable Size             587202560 bytes                                       
Database Buffers         1006632960 bytes                                       
Redo Buffers                6918144 bytes                                       
ORA-01078: failure in processing system parameters 
ORA-16032: parameter LOG_ARCHIVE_DEST_1 destination string cannot be translated 
ORA-19801: initialization parameter DB_RECOVERY_FILE_DEST is not set 


SQL> show parameter db_recovery

NAME                                 TYPE        VALUE                          
------------------------------------ ----------- ------------------------------ 
db_recovery_file_dest                string                                     
db_recovery_file_dest_size           big integer 0                              
SQL> alter system set db_recovery_file_Dest_size=10G scope=both;

System altered.

SQL> alter system set db_recovery_file_Dest='C:\app\dell\product\21c\fra' scope=both;

System altered.

SQL> alter system set log_archive_dest_1='location=use_db_recovery_file_dest' scope = spfile;

System altered.

SQL> shutdown immediate;\
SP2-0717: illegal SHUTDOWN option
SQL> shutdown immediate;
ORA-01507: database not mounted 


ORACLE instance shut down.
SQL> startup mount;
ORACLE instance started.

Total System Global Area 1610610072 bytes                                       
Fixed Size                  9856408 bytes                                       
Variable Size             587202560 bytes                                       
Database Buffers         1006632960 bytes                                       
Redo Buffers                6918144 bytes                                       
Database mounted.
SQL> alter database archivelog;

Database altered.

SQL> alter database open;

Database altered.

SQL> alter system switch logfile;

System altered.

SQL> show parameter db_Recovery_file_dest;

NAME                                 TYPE        VALUE                          
------------------------------------ ----------- ------------------------------ 
db_recovery_file_dest                string      C:\app\dell\product\21c\fra    
db_recovery_file_dest_size           big integer 10G                            
SQL> alter system switch logfile;

System altered.

SQL> show parameter log_archive_dest;

NAME                                 TYPE        VALUE                          
------------------------------------ ----------- ------------------------------ 
log_archive_dest                     string                                     
log_archive_dest_1                   string      location=use_db_recovery_file_ 
                                                 dest                           
log_archive_dest_10                  string                                     
log_archive_dest_11                  string                                     
log_archive_dest_12                  string                                     
log_archive_dest_13                  string                                     
log_archive_dest_14                  string                                     
log_archive_dest_15                  string                                     
log_archive_dest_16                  string                                     
log_archive_dest_17                  string                                     

NAME                                 TYPE        VALUE                          
------------------------------------ ----------- ------------------------------ 
log_archive_dest_18                  string                                     
log_archive_dest_19                  string                                     
log_archive_dest_2                   string                                     
log_archive_dest_20                  string                                     
log_archive_dest_21                  string                                     
log_archive_dest_22                  string                                     
log_archive_dest_23                  string                                     
log_archive_dest_24                  string                                     
log_archive_dest_25                  string                                     
log_archive_dest_26                  string                                     
log_archive_dest_27                  string                                     

NAME                                 TYPE        VALUE                          
------------------------------------ ----------- ------------------------------ 
log_archive_dest_28                  string                                     
log_archive_dest_29                  string                                     
log_archive_dest_3                   string                                     
log_archive_dest_30                  string                                     
log_archive_dest_31                  string                                     
log_archive_dest_4                   string                                     
log_archive_dest_5                   string                                     
log_archive_dest_6                   string                                     
log_archive_dest_7                   string                                     
log_archive_dest_8                   string                                     
log_archive_dest_9                   string                                     

NAME                                 TYPE        VALUE                          
------------------------------------ ----------- ------------------------------ 
log_archive_dest_state_1             string      enable                         
log_archive_dest_state_10            string      enable                         
log_archive_dest_state_11            string      enable                         
log_archive_dest_state_12            string      enable                         
log_archive_dest_state_13            string      enable                         
log_archive_dest_state_14            string      enable                         
log_archive_dest_state_15            string      enable                         
log_archive_dest_state_16            string      enable                         
log_archive_dest_state_17            string      enable                         
log_archive_dest_state_18            string      enable                         
log_archive_dest_state_19            string      enable                         

NAME                                 TYPE        VALUE                          
------------------------------------ ----------- ------------------------------ 
log_archive_dest_state_2             string      enable                         
log_archive_dest_state_20            string      enable                         
log_archive_dest_state_21            string      enable                         
log_archive_dest_state_22            string      enable                         
log_archive_dest_state_23            string      enable                         
log_archive_dest_state_24            string      enable                         
log_archive_dest_state_25            string      enable                         
log_archive_dest_state_26            string      enable                         
log_archive_dest_state_27            string      enable                         
log_archive_dest_state_28            string      enable                         
log_archive_dest_state_29            string      enable                         

NAME                                 TYPE        VALUE                          
------------------------------------ ----------- ------------------------------ 
log_archive_dest_state_3             string      enable                         
log_archive_dest_state_30            string      enable                         
log_archive_dest_state_31            string      enable                         
log_archive_dest_state_4             string      enable                         
log_archive_dest_state_5             string      enable                         
log_archive_dest_state_6             string      enable                         
log_archive_dest_state_7             string      enable                         
log_archive_dest_state_8             string      enable                         
log_archive_dest_state_9             string      enable                         
SQL> alter system set log_archive_dest_10='location=use_db_recovery_file_dest' scope = spfile;

System altered.

SQL> show parameter log_archive_dest;

NAME                                 TYPE        VALUE                          
------------------------------------ ----------- ------------------------------ 
log_archive_dest                     string                                     
log_archive_dest_1                   string      location=use_db_recovery_file_ 
                                                 dest                           
log_archive_dest_10                  string                                     
log_archive_dest_11                  string                                     
log_archive_dest_12                  string                                     
log_archive_dest_13                  string                                     
log_archive_dest_14                  string                                     
log_archive_dest_15                  string                                     
log_archive_dest_16                  string                                     
log_archive_dest_17                  string                                     

NAME                                 TYPE        VALUE                          
------------------------------------ ----------- ------------------------------ 
log_archive_dest_18                  string                                     
log_archive_dest_19                  string                                     
log_archive_dest_2                   string                                     
log_archive_dest_20                  string                                     
log_archive_dest_21                  string                                     
log_archive_dest_22                  string                                     
log_archive_dest_23                  string                                     
log_archive_dest_24                  string                                     
log_archive_dest_25                  string                                     
log_archive_dest_26                  string                                     
log_archive_dest_27                  string                                     

NAME                                 TYPE        VALUE                          
------------------------------------ ----------- ------------------------------ 
log_archive_dest_28                  string                                     
log_archive_dest_29                  string                                     
log_archive_dest_3                   string                                     
log_archive_dest_30                  string                                     
log_archive_dest_31                  string                                     
log_archive_dest_4                   string                                     
log_archive_dest_5                   string                                     
log_archive_dest_6                   string                                     
log_archive_dest_7                   string                                     
log_archive_dest_8                   string                                     
log_archive_dest_9                   string                                     

NAME                                 TYPE        VALUE                          
------------------------------------ ----------- ------------------------------ 
log_archive_dest_state_1             string      enable                         
log_archive_dest_state_10            string      enable                         
log_archive_dest_state_11            string      enable                         
log_archive_dest_state_12            string      enable                         
log_archive_dest_state_13            string      enable                         
log_archive_dest_state_14            string      enable                         
log_archive_dest_state_15            string      enable                         
log_archive_dest_state_16            string      enable                         
log_archive_dest_state_17            string      enable                         
log_archive_dest_state_18            string      enable                         
log_archive_dest_state_19            string      enable                         

NAME                                 TYPE        VALUE                          
------------------------------------ ----------- ------------------------------ 
log_archive_dest_state_2             string      enable                         
log_archive_dest_state_20            string      enable                         
log_archive_dest_state_21            string      enable                         
log_archive_dest_state_22            string      enable                         
log_archive_dest_state_23            string      enable                         
log_archive_dest_state_24            string      enable                         
log_archive_dest_state_25            string      enable                         
log_archive_dest_state_26            string      enable                         
log_archive_dest_state_27            string      enable                         
log_archive_dest_state_28            string      enable                         
log_archive_dest_state_29            string      enable                         

NAME                                 TYPE        VALUE                          
------------------------------------ ----------- ------------------------------ 
log_archive_dest_state_3             string      enable                         
log_archive_dest_state_30            string      enable                         
log_archive_dest_state_31            string      enable                         
log_archive_dest_state_4             string      enable                         
log_archive_dest_state_5             string      enable                         
log_archive_dest_state_6             string      enable                         
log_archive_dest_state_7             string      enable                         
log_archive_dest_state_8             string      enable                         
log_archive_dest_state_9             string      enable                         
SQL> startup force;
ORACLE instance started.

Total System Global Area 1610610072 bytes                                       
Fixed Size                  9856408 bytes                                       
Variable Size             587202560 bytes                                       
Database Buffers         1006632960 bytes                                       
Redo Buffers                6918144 bytes                                       
Database mounted.
Database opened.
SQL> alter system set log_archive_dest_10='location=C:\app\dell\product\21c\archivelog' scope = spfile;

System altered.

SQL> startup force;
ORACLE instance started.

Total System Global Area 1610610072 bytes                                       
Fixed Size                  9856408 bytes                                       
Variable Size             587202560 bytes                                       
Database Buffers         1006632960 bytes                                       
Redo Buffers                6918144 bytes                                       
Database mounted.
Database opened.
SQL> alter system switch logfile;

System altered.

SQL> show parameter db_Recovery_file_dest;

NAME                                 TYPE        VALUE                          
------------------------------------ ----------- ------------------------------ 
db_recovery_file_dest                string      C:\app\dell\product\21c\fra    
db_recovery_file_dest_size           big integer 10G                            
SQL> spool off;
